Fatal error: cannot open file 'build.12S_VERT.db_V2.R': No such file or directory
        add.taxids.fasta.BAS.R building_dbs.R manip_fasta.R make.blastdb.bas.R
value   ?                      ?              ?             ?                 
visible FALSE                  FALSE          FALSE         FALSE             
        add.taxids.fasta.BAS.R building_dbs.R manip_fasta.R make.blastdb.bas.R
value   ?                      ?              ?             ?                 
visible FALSE                  FALSE          FALSE         FALSE             
